<html>
<body>
<pre>
<h1>µVision Build Log</h1>
<h2>Project:</h2>
C:\Users\Gabriela\Desktop\PPO\1\ppo.uvproj
Project File Date:  03/15/2026

<h2>Output:</h2>
Rebuild target 'Target 1'
assembling Startup.s...
compiling keyboard.cpp...
compiling led.cpp...
compiling main.cpp...
linking...
Program Size: Code=892 RO-data=32 RW-data=4 ZI-data=1260  
".\ppo.axf" - 0 Errors, 0 Warning(s).
Rebuild target 'Target 1'
assembling Startup.s...
compiling keyboard.cpp...
compiling led.cpp...
compiling main.cpp...
linking...
Program Size: Code=892 RO-data=32 RW-data=4 ZI-data=1260  
".\ppo.axf" - 0 Errors, 0 Warning(s).
Rebuild target 'Target 1'
assembling Startup.s...
compiling keyboard.cpp...
compiling led.cpp...
compiling main.cpp...
compiling stepper.cpp...
stepper.cpp(2): warning:  #1-D: last line of file ends without a newline
linking...
Program Size: Code=892 RO-data=32 RW-data=4 ZI-data=1260  
".\ppo.axf" - 0 Errors, 1 Warning(s).
Rebuild target 'Target 1'
assembling Startup.s...
compiling keyboard.cpp...
compiling led.cpp...
led.h(8): warning:  #1-D: last line of file ends without a newline
compiling main.cpp...
led.h(8): warning:  #1-D: last line of file ends without a newline
compiling stepper.cpp...
stepper.cpp(2): warning:  #1-D: last line of file ends without a newline
linking...
Program Size: Code=892 RO-data=32 RW-data=4 ZI-data=1260  
".\ppo.axf" - 0 Errors, 3 Warning(s).
Rebuild target 'Target 1'
assembling Startup.s...
compiling keyboard.cpp...
compiling led.cpp...
led.h(15): warning:  #1-D: last line of file ends without a newline
led.cpp(56): warning:  #177-D: variable "LEFT" was declared but never referenced
led.cpp(60): warning:  #177-D: variable "RIGHT" was declared but never referenced
compiling main.cpp...
led.h(15): warning:  #1-D: last line of file ends without a newline
main.cpp(12): error:  #20: identifier "LedInit" is undefined
main.cpp(16): error:  #20: identifier "LedStepLeft" is undefined
compiling stepper.cpp...
stepper.cpp(2): warning:  #1-D: last line of file ends without a newline
stepper.h(4): warning:  #1-D: last line of file ends without a newline
".\ppo.axf" - 2 Errors, 6 Warning(s).
Target not created
Rebuild target 'Target 1'
assembling Startup.s...
compiling keyboard.cpp...
compiling led.cpp...
led.cpp(56): warning:  #177-D: variable "LEFT" was declared but never referenced
led.cpp(60): warning:  #177-D: variable "RIGHT" was declared but never referenced
compiling main.cpp...
compiling stepper.cpp...
stepper.cpp(2): warning:  #1-D: last line of file ends without a newline
stepper.h(4): warning:  #1-D: last line of file ends without a newline
linking...
.\ppo.axf: Error: L6218E: Undefined symbol Led::StepLeft() (referred from main.o).
".\ppo.axf" - 1 Errors, 4 Warning(s).
Target not created
Rebuild target 'Target 1'
assembling Startup.s...
compiling keyboard.cpp...
compiling led.cpp...
compiling main.cpp...
compiling stepper.cpp...
stepper.cpp(2): warning:  #1-D: last line of file ends without a newline
stepper.h(4): warning:  #1-D: last line of file ends without a newline
linking...
Program Size: Code=932 RO-data=32 RW-data=4 ZI-data=1260  
".\ppo.axf" - 0 Errors, 2 Warning(s).
Rebuild target 'Target 1'
assembling Startup.s...
compiling keyboard.cpp...
compiling led.cpp...
compiling main.cpp...
compiling stepper.cpp...
linking...
Program Size: Code=932 RO-data=32 RW-data=4 ZI-data=1260  
".\ppo.axf" - 0 Errors, 0 Warning(s).
Rebuild target 'Target 1'
assembling Startup.s...
compiling keyboard.cpp...
compiling led.cpp...
compiling main.cpp...
compiling stepper.cpp...
linking...
Program Size: Code=856 RO-data=16 RW-data=0 ZI-data=1256  
".\ppo.axf" - 0 Errors, 0 Warning(s).
Rebuild target 'Target 1'
assembling Startup.s...
compiling keyboard.cpp...
compiling led.cpp...
compiling main.cpp...
compiling stepper.cpp...
linking...
Program Size: Code=856 RO-data=16 RW-data=0 ZI-data=1256  
".\ppo.axf" - 0 Errors, 0 Warning(s).
Rebuild target 'Target 1'
assembling Startup.s...
compiling keyboard.cpp...
compiling led.cpp...
compiling main.cpp...
compiling stepper.cpp...
linking...
Program Size: Code=864 RO-data=16 RW-data=0 ZI-data=1256  
".\ppo.axf" - 0 Errors, 0 Warning(s).
Rebuild target 'Target 1'
assembling Startup.s...
compiling keyboard.cpp...
compiling led.cpp...
led.cpp(12): error:  #20: identifier "LedCtr" is undefined
led.cpp(39): error:  #135: class "Led" has no member "Step"
led.cpp(41): error:  #20: identifier "LedCtr" is undefined
led.cpp(43): error:  #20: identifier "On" is undefined
led.cpp(46): error:  #20: identifier "LedCtr" is undefined
led.cpp(48): error:  #20: identifier "On" is undefined
led.cpp(53): error:  #135: class "Led" has no member "StepLeft"
led.cpp(54): warning:  #177-D: variable "LEFT" was declared but never referenced
led.cpp(57): error:  #135: class "Led" has no member "StepRight"
led.cpp(58): warning:  #177-D: variable "RIGHT" was declared but never referenced
compiling main.cpp...
main.cpp(13): error:  #265-D: function "Led::Init" (declared at line 9 of "led.h") is inaccessible
main.cpp(17): error:  #135: class "Led" has no member "StepLeft"
compiling stepper.cpp...
".\ppo.axf" - 10 Errors, 2 Warning(s).
Target not created
Rebuild target 'Target 1'
assembling Startup.s...
compiling keyboard.cpp...
compiling led.cpp...
compiling main.cpp...
main.cpp(17): error:  #135: class "Led" has no member "StepLeft"
compiling stepper.cpp...
".\ppo.axf" - 1 Errors, 0 Warning(s).
Target not created
Rebuild target 'Target 1'
assembling Startup.s...
compiling keyboard.cpp...
compiling led.cpp...
compiling main.cpp...
compiling stepper.cpp...
linking...
.\ppo.axf: Error: L6218E: Undefined symbol MyLed (referred from stepper.o).
".\ppo.axf" - 1 Errors, 0 Warning(s).
Target not created
Rebuild target 'Target 1'
assembling Startup.s...
compiling keyboard.cpp...
compiling led.cpp...
compiling main.cpp...
compiling stepper.cpp...
linking...
.\ppo.axf: Error: L6218E: Undefined symbol MyLed (referred from stepper.o).
".\ppo.axf" - 1 Errors, 0 Warning(s).
Target not created
Rebuild target 'Target 1'
assembling Startup.s...
compiling keyboard.cpp...
compiling led.cpp...
compiling main.cpp...
compiling stepper.cpp...
linking...
Program Size: Code=904 RO-data=32 RW-data=4 ZI-data=1260  
".\ppo.axf" - 0 Errors, 0 Warning(s).
Rebuild target 'Target 1'
assembling Startup.s...
compiling keyboard.cpp...
compiling led.cpp...
compiling main.cpp...
compiling stepper.cpp...
linking...
Program Size: Code=904 RO-data=32 RW-data=4 ZI-data=1260  
".\ppo.axf" - 0 Errors, 0 Warning(s).
Rebuild target 'Target 1'
assembling Startup.s...
compiling keyboard.cpp...
compiling led.cpp...
compiling main.cpp...
compiling stepper.cpp...
linking...
.\ppo.axf: Error: L6218E: Undefined symbol Led::Led() (referred from main.o).
".\ppo.axf" - 1 Errors, 0 Warning(s).
Target not created
Rebuild target 'Target 1'
assembling Startup.s...
compiling keyboard.cpp...
compiling led.cpp...
compiling main.cpp...
compiling stepper.cpp...
linking...
Program Size: Code=964 RO-data=36 RW-data=4 ZI-data=1260  
".\ppo.axf" - 0 Errors, 0 Warning(s).
