<html>
<body>
<pre>
<h1>µVision Build Log</h1>
<h2>Project:</h2>
C:\Users\Gabriela\Desktop\PPO\8f\ppo.uvproj
Project File Date:  03/22/2026

<h2>Output:</h2>
Rebuild target 'Target 1'
assembling Startup.s...
compiling keyboard.cpp...
compiling led.cpp...
compiling ledinv.cpp...
compiling main.cpp...
main.cpp(22): error:  #269-D: conversion to inaccessible base class "Led" is not allowed
compiling stepper.cpp...
compiling ledpos.cpp...
".\ppo.axf" - 1 Errors, 0 Warning(s).
Target not created
Rebuild target 'Target 1'
assembling Startup.s...
compiling keyboard.cpp...
compiling led.cpp...
compiling ledinv.cpp...
compiling main.cpp...
compiling stepper.cpp...
compiling ledpos.cpp...
linking...
Program Size: Code=2512 RO-data=72 RW-data=12 ZI-data=1260  
".\ppo.axf" - 0 Errors, 0 Warning(s).
